$ git init
Initialized empty Git repository in C:/Users/Hp/Desktop/PP2spring/lab1/.git/

Hp@LAPTOP-T7S3K7TT MINGW64 ~/desktop/pp2spring/lab1 (main)
$ git status
On branch main

No commits yet

Untracked files:
  (use "git add <file>..." to include in what will be committed)
        Comments/
        Data Types/
        Numbers/
        Strings/
        Syntax/
        Variables/

nothing added to commit but untracked files present (use "git add" to track)

Hp@LAPTOP-T7S3K7TT MINGW64 ~/desktop/pp2spring/lab1 (main)
$ git .
git: '.' is not a git command. See 'git --help'.

The most similar commands are
        am
        gc
        mv
        p4
        rm

Hp@LAPTOP-T7S3K7TT MINGW64 ~/desktop/pp2spring/lab1 (main)
$ git add .

Hp@LAPTOP-T7S3K7TT MINGW64 ~/desktop/pp2spring/lab1 (main)
$ git commit -m "first commit"
[main (root-commit) 992f94a] first commit
 29 files changed, 97 insertions(+)
 create mode 100644 Comments/1
 create mode 100644 Comments/2
 create mode 100644 Data Types/1
 create mode 100644 Data Types/2
 create mode 100644 Data Types/3
 create mode 100644 Data Types/4
 create mode 100644 Data Types/5
 create mode 100644 Data Types/6
 create mode 100644 Data Types/7
 create mode 100644 Numbers/1
 create mode 100644 Numbers/2
 create mode 100644 Numbers/3
 create mode 100644 Strings/1
 create mode 100644 Strings/2
 create mode 100644 Strings/3
 create mode 100644 Strings/4
 create mode 100644 Strings/5
 create mode 100644 Strings/6
 create mode 100644 Strings/7
 create mode 100644 Strings/8
 create mode 100644 Syntax/1
 create mode 100644 Syntax/2
 create mode 100644 Variables/1
 create mode 100644 Variables/2
 create mode 100644 Variables/3
 create mode 100644 Variables/4
 create mode 100644 Variables/5
 create mode 100644 Variables/6
 create mode 100644 Variables/7

Hp@LAPTOP-T7S3K7TT MINGW64 ~/desktop/pp2spring/lab1 (main)
$ git remote add origin "<C:\Users\Hp\Desktop\PP2spring\lab1>"

Hp@LAPTOP-T7S3K7TT MINGW64 ~/desktop/pp2spring/lab1 (main)
$ git pull --allow-unrelated-histories "<C:\Users\Hp\Desktop\PP2spring\lab1>"
ssh: Could not resolve hostname <c: Name or service not known
fatal: Could not read from remote repository.

Please make sure you have the correct access rights
and the repository exists.

Hp@LAPTOP-T7S3K7TT MINGW64 ~/desktop/pp2spring/lab1 (main)
$ git remote add origin "C:\Users\Hp\Desktop\PP2spring\lab1"
error: remote origin already exists.

Hp@LAPTOP-T7S3K7TT MINGW64 ~/desktop/pp2spring/lab1 (main)
$ git pull --allow-unrelated-histories "C:\Users\Hp\Desktop\PP2spring\lab1"
From C:\Users\Hp\Desktop\PP2spring\lab1
 * branch            HEAD       -> FETCH_HEAD
Already up to date.

Hp@LAPTOP-T7S3K7TT MINGW64 ~/desktop/pp2spring/lab1 (main)
$ git push -u "C:\Users\Hp\Desktop\PP2spring\lab1" master
error: src refspec master does not match any
error: failed to push some refs to 'C:\Users\Hp\Desktop\PP2spring\lab1'

Hp@LAPTOP-T7S3K7TT MINGW64 ~/desktop/pp2spring/lab1 (main)
$ git push "C:\Users\Hp\Desktop\PP2spring\lab1"
Everything up-to-date

Hp@LAPTOP-T7S3K7TT MINGW64 ~/desktop/pp2spring/lab1 (main)
$ git pull --rebase
ssh: Could not resolve hostname <c: Name or service not known
fatal: Could not read from remote repository.

Please make sure you have the correct access rights
and the repository exists.

Hp@LAPTOP-T7S3K7TT MINGW64 ~/desktop/pp2spring/lab1 (main)
$ git pull --rebase "C:\Users\Hp\Desktop\PP2spring\lab1"
From C:\Users\Hp\Desktop\PP2spring\lab1
 * branch            HEAD       -> FETCH_HEAD
Already up to date.

Hp@LAPTOP-T7S3K7TT MINGW64 ~/desktop/pp2spring/lab1 (main)
$ git push "C:\Users\Hp\Desktop\PP2spring\lab1"
Everything up-to-date

Hp@LAPTOP-T7S3K7TT MINGW64 ~/desktop/pp2spring/lab1 (main)
$ switch master
bash: switch: command not found

Hp@LAPTOP-T7S3K7TT MINGW64 ~/desktop/pp2spring/lab1 (main)
$ git checkout master
error: pathspec 'master' did not match any file(s) known to git

Hp@LAPTOP-T7S3K7TT MINGW64 ~/desktop/pp2spring/lab1 (main)
$ git checkout -b master
Switched to a new branch 'master'

Hp@LAPTOP-T7S3K7TT MINGW64 ~/desktop/pp2spring/lab1 (master)
$ git push "C:\Users\Hp\Desktop\PP2spring\lab1"
Everything up-to-date

Hp@LAPTOP-T7S3K7TT MINGW64 ~/desktop/pp2spring/lab1 (master)
$ git init
Reinitialized existing Git repository in C:/Users/Hp/Desktop/PP2spring/lab1/.git/

Hp@LAPTOP-T7S3K7TT MINGW64 ~/desktop/pp2spring/lab1 (master)
$ git status
On branch master
nothing to commit, working tree clean

Hp@LAPTOP-T7S3K7TT MINGW64 ~/desktop/pp2spring/lab1 (master)
$ git add .

Hp@LAPTOP-T7S3K7TT MINGW64 ~/desktop/pp2spring/lab1 (master)
$ git commit -m "C:\Users\Hp\Desktop\PP2spring\lab1"
On branch master
nothing to commit, working tree clean

Hp@LAPTOP-T7S3K7TT MINGW64 ~/desktop/pp2spring/lab1 (master)
$ git remote add origin "C:\Users\Hp\Desktop\PP2spring\lab1"
error: remote origin already exists.

Hp@LAPTOP-T7S3K7TT MINGW64 ~/desktop/pp2spring/lab1 (master)
$ git pull --allow-unrelated-histories  "C:\Users\Hp\Desktop\PP2spring\lab1"
From C:\Users\Hp\Desktop\PP2spring\lab1
 * branch            HEAD       -> FETCH_HEAD
Already up to date.

Hp@LAPTOP-T7S3K7TT MINGW64 ~/desktop/pp2spring/lab1 (master)
$ git push -u  "C:\Users\Hp\Desktop\PP2spring\lab1"
Everything up-to-date
branch 'master' set up to track 'C:\Users\Hp\Desktop\PP2spring\lab1/master'.

Hp@LAPTOP-T7S3K7TT MINGW64 ~/desktop/pp2spring/lab1 (master)
$ git remote -v
origin  <C:\Users\Hp\Desktop\PP2spring\lab1> (fetch)
origin  <C:\Users\Hp\Desktop\PP2spring\lab1> (push)

Hp@LAPTOP-T7S3K7TT MINGW64 ~/desktop/pp2spring/lab1 (master)
$ ^C

Hp@LAPTOP-T7S3K7TT MINGW64 ~/desktop/pp2spring/lab1 (master)
$ git push origin master
ssh: Could not resolve hostname <c: Name or service not known
fatal: Could not read from remote repository.

Please make sure you have the correct access rights
and the repository exists.

Hp@LAPTOP-T7S3K7TT MINGW64 ~/desktop/pp2spring/lab1 (master)
$ git push origin master Username for 'https://github.com': yntabagdar
fatal: invalid refspec 'https://github.com:'

Hp@LAPTOP-T7S3K7TT MINGW64 ~/desktop/pp2spring/lab1 (master)
$ Password for 'https://yntabagdar@github.com':
bash: Password: command not found

Hp@LAPTOP-T7S3K7TT MINGW64 ~/desktop/pp2spring/lab1 (master)
$ git push origin master
ssh: Could not resolve hostname <c: Name or service not known
fatal: Could not read from remote repository.

Please make sure you have the correct access rights
and the repository exists.

Hp@LAPTOP-T7S3K7TT MINGW64 ~/desktop/pp2spring/lab1 (master)
$
https://github.com/YntaBagdar/PP2spring.git
bash: https://github.com/YntaBagdar/PP2spring.git: No such file or directory

Hp@LAPTOP-T7S3K7TT MINGW64 ~/desktop/pp2spring/lab1 (master)
$ git remote -v
origin  <C:\Users\Hp\Desktop\PP2spring\lab1> (fetch)
origin  <C:\Users\Hp\Desktop\PP2spring\lab1> (push)

Hp@LAPTOP-T7S3K7TT MINGW64 ~/desktop/pp2spring/lab1 (master)
$ git remote set-url origin git@github.com:YntaBagdar/PP2spring.git

Hp@LAPTOP-T7S3K7TT MINGW64 ~/desktop/pp2spring/lab1 (master)
$ git pull --allow-unrelated-histories "C:\Users\Hp\Desktop\PP2spring\lab1"
From C:\Users\Hp\Desktop\PP2spring\lab1
 * branch            master     -> FETCH_HEAD
Already up to date.

Hp@LAPTOP-T7S3K7TT MINGW64 ~/desktop/pp2spring/lab1 (master)
$ git push -u "C:\Users\Hp\Desktop\PP2spring\lab1"
Everything up-to-date
branch 'master' set up to track 'C:\Users\Hp\Desktop\PP2spring\lab1/master'.

Hp@LAPTOP-T7S3K7TT MINGW64 ~/desktop/pp2spring/lab1 (master)
$
